
**** Build of configuration Debug for project Chp12.6_CodeExample ****

"C:\\ti\\ccs1281\\ccs\\utils\\bin\\gmake" -k -j 16 all -O 
 
Building file: "../12.6main.asm"
Invoking: MSP430 Compiler
"C:/ti/ccs1281/ccs/tools/compiler/ti-cgt-msp430_21.6.1.LTS/bin/cl430" -vmspx --code_model=small --data_model=small --use_hw_mpy=F5 --include_path="C:/ti/ccs1281/ccs/ccs_base/msp430/include" --include_path="C:/-- All Storage Here --/Classwork/Spring 2026/Microproccesors/CCS Workspace/Chp12.6_CodeExample" --include_path="C:/ti/ccs1281/ccs/tools/compiler/ti-cgt-msp430_21.6.1.LTS/include" --advice:power=all --advice:hw_config=all --define=__MSP430FR2355__ --define=_FRWP_ENABLE --define=_INFO_FRWP_ENABLE -g --printf_support=minimal --diag_warning=225 --diag_wrap=off --display_error_number --silicon_errata=CPU21 --silicon_errata=CPU22 --silicon_errata=CPU40 --preproc_with_compile --preproc_dependency="12.6main.d_raw"  "../12.6main.asm"
1 Assembly Error, 2 Assembly Warnings
 
>> Compilation failure
subdir_rules.mk:9: recipe for target '12.6main.obj' failed
"../12.6main.asm", WARNING! at line 38: [W0005] NOP required before set of GIE bit.
				bis.w	#GIE, SR				; enable maskable interrupts (GIE=1)
 
"../12.6main.asm", REMARK   at line 38: [R0001] After symbol substitution the line became:
				bis.w	#(0x0008), SR				; enable maskable interrupts (GIE=1)
 
"../12.6main.asm", WARNING! at line 38: [W0005] NOP required after set or clear of GIE bit.
				bis.w	#GIE, SR				; enable maskable interrupts (GIE=1)
 
"../12.6main.asm", REMARK   at line 38: [R0001] After symbol substitution the line became:
				bis.w	#(0x0008), SR				; enable maskable interrupts (GIE=1)
 
"../12.6main.asm", ERROR!   at EOF: [E0300] The following symbols are undefined:
  TBOCTL
 
Errors in Source - Assembler Aborted
gmake: *** [12.6main.obj] Error 1
gmake: Target 'all' not remade because of errors.

**** Build Finished ****
