
**** Build of configuration Debug for project Chp7.3_CodeExample ****

"C:\\ti\\ccs1281\\ccs\\utils\\bin\\gmake" -k -j 16 all -O 
 
Building file: "../7.3main.asm"
Invoking: MSP430 Compiler
"C:/ti/ccs1281/ccs/tools/compiler/ti-cgt-msp430_21.6.1.LTS/bin/cl430" -vmspx --code_model=small --data_model=small --use_hw_mpy=F5 --include_path="C:/ti/ccs1281/ccs/ccs_base/msp430/include" --include_path="C:/-- All Storage Here --/Classwork/Spring 2026/Microproccesors/CCS Workspace/Chp7.3_CodeExample" --include_path="C:/ti/ccs1281/ccs/tools/compiler/ti-cgt-msp430_21.6.1.LTS/include" --advice:power=all --advice:hw_config=all --define=__MSP430FR2355__ --define=_FRWP_ENABLE --define=_INFO_FRWP_ENABLE -g --printf_support=minimal --diag_warning=225 --diag_wrap=off --display_error_number --silicon_errata=CPU21 --silicon_errata=CPU22 --silicon_errata=CPU40 --preproc_with_compile --preproc_dependency="7.3main.d_raw"  "../7.3main.asm"
4 Assembly Errors, No Assembly Warnings
 
>> Compilation failure
subdir_rules.mk:9: recipe for target '7.3main.obj' failed
"../7.3main.asm", ERROR!   at line 28: [E0005] Operand missing
				mov,b	#01h, R5
 
"../7.3main.asm", ERROR!   at line 28: [E0001] Undefined symbol
				mov,b	#01h, R5
 
"../7.3main.asm", ERROR!   at line 28: [E0003] Unexpected trailing operand(s)
				mov,b	#01h, R5
 
"../7.3main.asm", ERROR!   at EOF: [E0300] The following symbols are undefined:
  b
 
Errors in Source - Assembler Aborted
gmake: *** [7.3main.obj] Error 1
gmake: Target 'all' not remade because of errors.

**** Build Finished ****
