
**** Build of configuration Debug for project Z_FP_D3_Finished ****

"C:\\ti\\ccs1281\\ccs\\utils\\bin\\gmake" -k -j 16 all -O 
 
Building file: "../FinalProject_Day3(Finished)main.c"
Invoking: MSP430 Compiler
"C:/ti/ccs1281/ccs/tools/compiler/ti-cgt-msp430_21.6.1.LTS/bin/cl430" -vmspx --use_hw_mpy=F5 --include_path="C:/ti/ccs1281/ccs/ccs_base/msp430/include" --include_path="C:/-- All Storage Here --/Classwork/Spring 2026/Microproccesors/CCS Workspace/Z_FP_D3_Finished" --include_path="C:/ti/ccs1281/ccs/tools/compiler/ti-cgt-msp430_21.6.1.LTS/include" --advice:power=all --advice:hw_config=all --define=__MSP430FR2355__ --define=_FRWP_ENABLE --define=_INFO_FRWP_ENABLE -g --printf_support=minimal --diag_warning=225 --diag_wrap=off --display_error_number --silicon_errata=CPU21 --silicon_errata=CPU22 --silicon_errata=CPU40 --preproc_with_compile --preproc_dependency="FinalProject_Day3(Finished)main.d_raw"  "../FinalProject_Day3(Finished)main.c"
"../FinalProject_Day3(Finished)main.c", line 136: warning #112-D: statement is unreachable
"../FinalProject_Day3(Finished)main.c", line 62: remark #1544-D: (ULP 13.1) Detected loop counting up. Recommend loops count down as detecting zeros is easier
"../FinalProject_Day3(Finished)main.c", line 62: remark #1527-D: (ULP 2.1) Detected SW delay loop using empty loop. Recommend using a timer module instead
"../FinalProject_Day3(Finished)main.c", line 66: remark #1527-D: (ULP 2.1) Detected SW delay loop using empty loop. Recommend using a timer module instead
"../FinalProject_Day3(Finished)main.c", line 68: remark #1544-D: (ULP 13.1) Detected loop counting up. Recommend loops count down as detecting zeros is easier
"../FinalProject_Day3(Finished)main.c", line 69: remark #1540-D: (ULP 11.2) Assignment of higher bits (constants) to "P3OUT" within a loop. Recommend using lower 4 bits to allow use of constant generators
"../FinalProject_Day3(Finished)main.c", line 69: remark #2553-D: (ULP 14.1) Array index (involving "i") of type "int". Recommend using "unsigned int"
"../FinalProject_Day3(Finished)main.c", line 69: remark #1530-D: (ULP 5.1) Detected modulo operation(s). Recommend moving them to RAM during run time or not using as these are processing/power intensive
"../FinalProject_Day3(Finished)main.c", line 72: remark #1527-D: (ULP 2.1) Detected SW delay loop using empty loop. Recommend using a timer module instead
"../FinalProject_Day3(Finished)main.c", line 80: remark #1544-D: (ULP 13.1) Detected loop counting up. Recommend loops count down as detecting zeros is easier
"../FinalProject_Day3(Finished)main.c", line 80: remark #1527-D: (ULP 2.1) Detected SW delay loop using empty loop. Recommend using a timer module instead
"../FinalProject_Day3(Finished)main.c", line 84: remark #1544-D: (ULP 13.1) Detected loop counting up. Recommend loops count down as detecting zeros is easier
"../FinalProject_Day3(Finished)main.c", line 84: remark #1527-D: (ULP 2.1) Detected SW delay loop using empty loop. Recommend using a timer module instead
"../FinalProject_Day3(Finished)main.c", line 86: remark #1527-D: (ULP 2.1) Detected SW delay loop using empty loop. Recommend using a timer module instead
"../FinalProject_Day3(Finished)main.c", line 88: remark #1544-D: (ULP 13.1) Detected loop counting up. Recommend loops count down as detecting zeros is easier
"../FinalProject_Day3(Finished)main.c", line 89: remark #1540-D: (ULP 11.2) Assignment of higher bits (constants) to "P3OUT" within a loop. Recommend using lower 4 bits to allow use of constant generators
"../FinalProject_Day3(Finished)main.c", line 89: remark #2553-D: (ULP 14.1) Array index (involving "i") of type "int". Recommend using "unsigned int"
"../FinalProject_Day3(Finished)main.c", line 89: remark #1530-D: (ULP 5.1) Detected modulo operation(s). Recommend moving them to RAM during run time or not using as these are processing/power intensive
"../FinalProject_Day3(Finished)main.c", line 92: remark #1527-D: (ULP 2.1) Detected SW delay loop using empty loop. Recommend using a timer module instead
"../FinalProject_Day3(Finished)main.c", line 100: remark #1527-D: (ULP 2.1) Detected SW delay loop using empty loop. Recommend using a timer module instead
"../FinalProject_Day3(Finished)main.c", line 102: remark #1544-D: (ULP 13.1) Detected loop counting up. Recommend loops count down as detecting zeros is easier
"../FinalProject_Day3(Finished)main.c", line 103: remark #1540-D: (ULP 11.2) Assignment of higher bits (constants) to "P3OUT" within a loop. Recommend using lower 4 bits to allow use of constant generators
"../FinalProject_Day3(Finished)main.c", line 103: remark #2553-D: (ULP 14.1) Array index (involving "i") of type "int". Recommend using "unsigned int"
"../FinalProject_Day3(Finished)main.c", line 103: remark #1530-D: (ULP 5.1) Detected modulo operation(s). Recommend moving them to RAM during run time or not using as these are processing/power intensive
"../FinalProject_Day3(Finished)main.c", line 106: remark #1527-D: (ULP 2.1) Detected SW delay loop using empty loop. Recommend using a timer module instead
"../FinalProject_Day3(Finished)main.c", line 114: remark #1544-D: (ULP 13.1) Detected loop counting up. Recommend loops count down as detecting zeros is easier
"../FinalProject_Day3(Finished)main.c", line 114: remark #1527-D: (ULP 2.1) Detected SW delay loop using empty loop. Recommend using a timer module instead
"../FinalProject_Day3(Finished)main.c", line 118: remark #1544-D: (ULP 13.1) Detected loop counting up. Recommend loops count down as detecting zeros is easier
"../FinalProject_Day3(Finished)main.c", line 118: remark #1527-D: (ULP 2.1) Detected SW delay loop using empty loop. Recommend using a timer module instead
"../FinalProject_Day3(Finished)main.c", line 120: remark #1527-D: (ULP 2.1) Detected SW delay loop using empty loop. Recommend using a timer module instead
"../FinalProject_Day3(Finished)main.c", line 122: remark #1544-D: (ULP 13.1) Detected loop counting up. Recommend loops count down as detecting zeros is easier
"../FinalProject_Day3(Finished)main.c", line 123: remark #1540-D: (ULP 11.2) Assignment of higher bits (constants) to "P3OUT" within a loop. Recommend using lower 4 bits to allow use of constant generators
"../FinalProject_Day3(Finished)main.c", line 123: remark #2553-D: (ULP 14.1) Array index (involving "i") of type "int". Recommend using "unsigned int"
"../FinalProject_Day3(Finished)main.c", line 123: remark #1530-D: (ULP 5.1) Detected modulo operation(s). Recommend moving them to RAM during run time or not using as these are processing/power intensive
"../FinalProject_Day3(Finished)main.c", line 126: remark #1527-D: (ULP 2.1) Detected SW delay loop using empty loop. Recommend using a timer module instead
"../FinalProject_Day3(Finished)main.c", line 134: remark #1527-D: (ULP 2.1) Detected SW delay loop using empty loop. Recommend using a timer module instead
Finished building: "../FinalProject_Day3(Finished)main.c"
 
Building target: "Z_FP_D3_Finished.out"
Invoking: MSP430 Linker
"C:/ti/ccs1281/ccs/tools/compiler/ti-cgt-msp430_21.6.1.LTS/bin/cl430" -vmspx --use_hw_mpy=F5 --advice:power=all --advice:hw_config=all --define=__MSP430FR2355__ --define=_FRWP_ENABLE --define=_INFO_FRWP_ENABLE -g --printf_support=minimal --diag_warning=225 --diag_wrap=off --display_error_number --silicon_errata=CPU21 --silicon_errata=CPU22 --silicon_errata=CPU40 -z -m"Z_FP_D3_Finished.map" --heap_size=160 --stack_size=160 --cinit_hold_wdt=on -i"C:/ti/ccs1281/ccs/ccs_base/msp430/include" -i"C:/ti/ccs1281/ccs/ccs_base/msp430/lib/FR2xx" -i"C:/ti/ccs1281/ccs/tools/compiler/ti-cgt-msp430_21.6.1.LTS/lib" -i"C:/ti/ccs1281/ccs/tools/compiler/ti-cgt-msp430_21.6.1.LTS/include" --priority --reread_libs --define=_FRWP_ENABLE --define=_INFO_FRWP_ENABLE --diag_wrap=off --display_error_number --warn_sections --xml_link_info="Z_FP_D3_Finished_linkInfo.xml" --use_hw_mpy=F5 --rom_model -o "Z_FP_D3_Finished.out" "./FinalProject_Day3(Finished)main.obj" "../lnk_msp430fr2355.cmd"  -lfrwp_init.a -llibc.a 
<Linking>
remark #10371-D: (ULP 1.1) Detected no uses of low power mode state changing instructions
remark #10372-D: (ULP 4.1) Detected uninitialized Port 1 in this project. Recommend initializing all unused ports to eliminate wasted current consumption on unused pins.
remark #10372-D: (ULP 4.1) Detected uninitialized Port 5 in this project. Recommend initializing all unused ports to eliminate wasted current consumption on unused pins.
remark #10372-D: (ULP 4.1) Detected uninitialized Port 6 in this project. Recommend initializing all unused ports to eliminate wasted current consumption on unused pins.
remark #10372-D: (ULP 4.1) Detected uninitialized Port A in this project. Recommend initializing all unused ports to eliminate wasted current consumption on unused pins.
remark #10372-D: (ULP 4.1) Detected uninitialized Port B in this project. Recommend initializing all unused ports to eliminate wasted current consumption on unused pins.
remark #10372-D: (ULP 4.1) Detected uninitialized Port C in this project. Recommend initializing all unused ports to eliminate wasted current consumption on unused pins.
remark #10422-D: (ULP 6.2) Detected use of a device with available 32-bit hardware multiplier and not also using MSPMATHLIB library (libmath.a).  Recommend using MSPMATHLIB library (libmath.a) for improved performance.
Finished building target: "Z_FP_D3_Finished.out"
 

**** Build Finished ****
